Dec 20 07:30:51 +0000 OX-694650ab331c8 [    error]  Unable to drop table rv_account_preference_assoc
Dec 20 07:30:51 +0000 OX-694650ab331c8 [    error]  Unable to drop the table account_preference_assoc
Dec 20 07:30:51 +0000 OX-694650ab331c8 [    error]  Unable to drop table rv_account_user_assoc
Dec 20 07:30:51 +0000 OX-694650ab331c8 [    error]  Unable to drop the table account_user_assoc
Dec 20 07:30:51 +0000 OX-694650ab331c8 [    error]  Unable to drop table rv_account_user_permission_assoc
Dec 20 07:30:51 +0000 OX-694650ab331c8 [    error]  Unable to drop the table account_user_permission_assoc
Dec 20 07:30:51 +0000 OX-694650ab331c8 [    error]  Unable to drop table rv_accounts
Dec 20 07:30:51 +0000 OX-694650ab331c8 [    error]  Unable to drop the table accounts
Dec 20 07:30:51 +0000 OX-694650ab331c8 [    error]  Unable to drop table rv_acls
Dec 20 07:30:51 +0000 OX-694650ab331c8 [    error]  Unable to drop the table acls
Dec 20 07:30:51 +0000 OX-694650ab331c8 [    error]  Unable to drop table rv_acls_channel
Dec 20 07:30:51 +0000 OX-694650ab331c8 [    error]  Unable to drop the table acls_channel
Dec 20 07:30:51 +0000 OX-694650ab331c8 [    error]  Unable to drop table rv_ad_category_assoc
Dec 20 07:30:51 +0000 OX-694650ab331c8 [    error]  Unable to drop the table ad_category_assoc
Dec 20 07:30:51 +0000 OX-694650ab331c8 [    error]  Unable to drop table rv_ad_zone_assoc
Dec 20 07:30:51 +0000 OX-694650ab331c8 [    error]  Unable to drop the table ad_zone_assoc
Dec 20 07:30:51 +0000 OX-694650ab331c8 [    error]  Unable to drop table rv_affiliates
Dec 20 07:30:51 +0000 OX-694650ab331c8 [    error]  Unable to drop the table affiliates
Dec 20 07:30:51 +0000 OX-694650ab331c8 [    error]  Unable to drop table rv_affiliates_extra
Dec 20 07:30:51 +0000 OX-694650ab331c8 [    error]  Unable to drop the table affiliates_extra
Dec 20 07:30:51 +0000 OX-694650ab331c8 [    error]  Unable to drop table rv_agency
Dec 20 07:30:51 +0000 OX-694650ab331c8 [    error]  Unable to drop the table agency
Dec 20 07:30:51 +0000 OX-694650ab331c8 [    error]  Unable to drop table rv_application_variable
Dec 20 07:30:51 +0000 OX-694650ab331c8 [    error]  Unable to drop the table application_variable
Dec 20 07:30:51 +0000 OX-694650ab331c8 [    error]  Unable to drop table rv_audit
Dec 20 07:30:51 +0000 OX-694650ab331c8 [    error]  Unable to drop the table audit
Dec 20 07:30:51 +0000 OX-694650ab331c8 [    error]  Unable to drop table rv_banners
Dec 20 07:30:51 +0000 OX-694650ab331c8 [    error]  Unable to drop the table banners
Dec 20 07:30:51 +0000 OX-694650ab331c8 [    error]  Unable to drop table rv_campaigns
Dec 20 07:30:51 +0000 OX-694650ab331c8 [    error]  Unable to drop the table campaigns
Dec 20 07:30:51 +0000 OX-694650ab331c8 [    error]  Unable to drop table rv_campaigns_trackers
Dec 20 07:30:51 +0000 OX-694650ab331c8 [    error]  Unable to drop the table campaigns_trackers
Dec 20 07:30:51 +0000 OX-694650ab331c8 [    error]  Unable to drop table rv_category
Dec 20 07:30:51 +0000 OX-694650ab331c8 [    error]  Unable to drop the table category
Dec 20 07:30:51 +0000 OX-694650ab331c8 [    error]  Unable to drop table rv_channel
Dec 20 07:30:51 +0000 OX-694650ab331c8 [    error]  Unable to drop the table channel
Dec 20 07:30:51 +0000 OX-694650ab331c8 [    error]  Unable to drop table rv_clients
Dec 20 07:30:51 +0000 OX-694650ab331c8 [    error]  Unable to drop the table clients
Dec 20 07:30:51 +0000 OX-694650ab331c8 [    error]  Unable to drop table rv_data_intermediate_ad
Dec 20 07:30:51 +0000 OX-694650ab331c8 [    error]  Unable to drop the table data_intermediate_ad
Dec 20 07:30:51 +0000 OX-694650ab331c8 [    error]  Unable to drop table rv_data_intermediate_ad_connection
Dec 20 07:30:51 +0000 OX-694650ab331c8 [    error]  Unable to drop the table data_intermediate_ad_connection
Dec 20 07:30:51 +0000 OX-694650ab331c8 [    error]  Unable to drop table rv_data_intermediate_ad_variable_value
Dec 20 07:30:51 +0000 OX-694650ab331c8 [    error]  Unable to drop the table data_intermediate_ad_variable_value
Dec 20 07:30:51 +0000 OX-694650ab331c8 [    error]  Unable to drop table rv_data_raw_ad_click
Dec 20 07:30:51 +0000 OX-694650ab331c8 [    error]  Unable to drop the table data_raw_ad_click
Dec 20 07:30:51 +0000 OX-694650ab331c8 [    error]  Unable to drop table rv_data_raw_ad_impression
Dec 20 07:30:51 +0000 OX-694650ab331c8 [    error]  Unable to drop the table data_raw_ad_impression
Dec 20 07:30:51 +0000 OX-694650ab331c8 [    error]  Unable to drop table rv_data_raw_ad_request
Dec 20 07:30:51 +0000 OX-694650ab331c8 [    error]  Unable to drop the table data_raw_ad_request
Dec 20 07:30:51 +0000 OX-694650ab331c8 [    error]  Unable to drop table rv_data_raw_tracker_impression
Dec 20 07:30:51 +0000 OX-694650ab331c8 [    error]  Unable to drop the table data_raw_tracker_impression
Dec 20 07:30:51 +0000 OX-694650ab331c8 [    error]  Unable to drop table rv_data_raw_tracker_variable_value
Dec 20 07:30:51 +0000 OX-694650ab331c8 [    error]  Unable to drop the table data_raw_tracker_variable_value
Dec 20 07:30:51 +0000 OX-694650ab331c8 [    error]  Unable to drop table rv_data_summary_ad_hourly
Dec 20 07:30:51 +0000 OX-694650ab331c8 [    error]  Unable to drop the table data_summary_ad_hourly
Dec 20 07:30:51 +0000 OX-694650ab331c8 [    error]  Unable to drop table rv_data_summary_ad_zone_assoc
Dec 20 07:30:51 +0000 OX-694650ab331c8 [    error]  Unable to drop the table data_summary_ad_zone_assoc
Dec 20 07:30:51 +0000 OX-694650ab331c8 [    error]  Unable to drop table rv_data_summary_channel_daily
Dec 20 07:30:51 +0000 OX-694650ab331c8 [    error]  Unable to drop the table data_summary_channel_daily
Dec 20 07:30:51 +0000 OX-694650ab331c8 [    error]  Unable to drop table rv_data_summary_zone_impression_history
Dec 20 07:30:51 +0000 OX-694650ab331c8 [    error]  Unable to drop the table data_summary_zone_impression_history
Dec 20 07:30:51 +0000 OX-694650ab331c8 [    error]  Unable to drop table rv_images
Dec 20 07:30:51 +0000 OX-694650ab331c8 [    error]  Unable to drop the table images
Dec 20 07:30:51 +0000 OX-694650ab331c8 [    error]  Unable to drop table rv_log_maintenance_forecasting
Dec 20 07:30:51 +0000 OX-694650ab331c8 [    error]  Unable to drop the table log_maintenance_forecasting
Dec 20 07:30:51 +0000 OX-694650ab331c8 [    error]  Unable to drop table rv_log_maintenance_priority
Dec 20 07:30:51 +0000 OX-694650ab331c8 [    error]  Unable to drop the table log_maintenance_priority
Dec 20 07:30:51 +0000 OX-694650ab331c8 [    error]  Unable to drop table rv_log_maintenance_statistics
Dec 20 07:30:51 +0000 OX-694650ab331c8 [    error]  Unable to drop the table log_maintenance_statistics
Dec 20 07:30:51 +0000 OX-694650ab331c8 [    error]  Unable to drop table rv_password_recovery
Dec 20 07:30:51 +0000 OX-694650ab331c8 [    error]  Unable to drop the table password_recovery
Dec 20 07:30:51 +0000 OX-694650ab331c8 [    error]  Unable to drop table rv_placement_zone_assoc
Dec 20 07:30:51 +0000 OX-694650ab331c8 [    error]  Unable to drop the table placement_zone_assoc
Dec 20 07:30:51 +0000 OX-694650ab331c8 [    error]  Unable to drop table rv_preferences
Dec 20 07:30:51 +0000 OX-694650ab331c8 [    error]  Unable to drop the table preferences
Dec 20 07:30:51 +0000 OX-694650ab331c8 [    error]  Unable to drop table rv_session
Dec 20 07:30:51 +0000 OX-694650ab331c8 [    error]  Unable to drop the table session
Dec 20 07:30:51 +0000 OX-694650ab331c8 [    error]  Unable to drop table rv_targetstats
Dec 20 07:30:51 +0000 OX-694650ab331c8 [    error]  Unable to drop the table targetstats
Dec 20 07:30:51 +0000 OX-694650ab331c8 [    error]  Unable to drop table rv_tracker_append
Dec 20 07:30:51 +0000 OX-694650ab331c8 [    error]  Unable to drop the table tracker_append
Dec 20 07:30:51 +0000 OX-694650ab331c8 [    error]  Unable to drop table rv_trackers
Dec 20 07:30:51 +0000 OX-694650ab331c8 [    error]  Unable to drop the table trackers
Dec 20 07:30:51 +0000 OX-694650ab331c8 [    error]  Unable to drop table rv_userlog
Dec 20 07:30:51 +0000 OX-694650ab331c8 [    error]  Unable to drop the table userlog
Dec 20 07:30:51 +0000 OX-694650ab331c8 [    error]  Unable to drop table rv_users
Dec 20 07:30:51 +0000 OX-694650ab331c8 [    error]  Unable to drop the table users
Dec 20 07:30:51 +0000 OX-694650ab331c8 [    error]  Unable to drop table rv_variable_publisher
Dec 20 07:30:51 +0000 OX-694650ab331c8 [    error]  Unable to drop the table variable_publisher
Dec 20 07:30:51 +0000 OX-694650ab331c8 [    error]  Unable to drop table rv_variables
Dec 20 07:30:51 +0000 OX-694650ab331c8 [    error]  Unable to drop the table variables
Dec 20 07:30:51 +0000 OX-694650ab331c8 [    error]  Unable to drop table rv_zones
Dec 20 07:30:51 +0000 OX-694650ab331c8 [    error]  Unable to drop the table zones
Dec 20 07:31:20 +0000 OX-plugins-694650c86deb2 [     info]  starting _checkPackageContents openXBannerTypes.xml
Dec 20 07:31:20 +0000 OX-plugins-694650c86deb2 [     info]  expecting definition openXBannerTypes.xml
Dec 20 07:31:20 +0000 OX-plugins-694650c86deb2 [     info]  detected group definition file /plugins/etc/oxText/oxText.xml
Dec 20 07:31:20 +0000 OX-plugins-694650c86deb2 [     info]  detected group definition file /plugins/etc/oxHtml/oxHtml.xml
Dec 20 07:31:20 +0000 OX-plugins-694650c86deb2 [     info]  detected plugin definition file /plugins/etc/openXBannerTypes.xml
Dec 20 07:31:20 +0000 OX-plugins-694650c86deb2 [     info]  Executing _checkOpenXCompatibility for oxHtml
Dec 20 07:31:20 +0000 OX-plugins-694650c86deb2 [     info]  Executing _checkSystemEnvironment for oxHtml
Dec 20 07:31:20 +0000 OX-plugins-694650c86deb2 [     info]  Executing _checkDatabaseEnvironment for oxHtml
Dec 20 07:31:20 +0000 OX-plugins-694650c86deb2 [     info]  Executing _runScript for oxHtml
Dec 20 07:31:20 +0000 OX-plugins-694650c86deb2 [     info]  Executing _checkDependenciesForInstallOrEnable for oxHtml
Dec 20 07:31:20 +0000 OX-plugins-694650c86deb2 [     info]  Executing _checkFiles for oxHtml
Dec 20 07:31:20 +0000 OX-plugins-694650c86deb2 [     info]  Executing _checkNavigationCheckers for oxHtml
Dec 20 07:31:20 +0000 OX-plugins-694650c86deb2 [     info]  Executing _checkMenus for oxHtml
Dec 20 07:31:20 +0000 OX-plugins-694650c86deb2 [     info]  Executing _registerSchema for oxHtml
Dec 20 07:31:20 +0000 OX-plugins-694650c86deb2 [     info]  Executing _registerPreferences for oxHtml
Dec 20 07:31:20 +0000 OX-plugins-694650c86deb2 [     info]  Executing _registerSettings for oxHtml
Dec 20 07:31:20 +0000 OX-plugins-694650c86deb2 [     info]  Executing disableComponentGroup for oxHtml
Dec 20 07:31:20 +0000 OX-plugins-694650c86deb2 [     info]  Executing _registerPluginVersion for oxHtml
Dec 20 07:31:20 +0000 OX-plugins-694650c86deb2 [     info]  Executing _runScript for oxHtml
Dec 20 07:31:20 +0000 OX-plugins-694650c86deb2 [     info]  Executing _checkOpenXCompatibility for oxText
Dec 20 07:31:20 +0000 OX-plugins-694650c86deb2 [     info]  Executing _checkSystemEnvironment for oxText
Dec 20 07:31:20 +0000 OX-plugins-694650c86deb2 [     info]  Executing _checkDatabaseEnvironment for oxText
Dec 20 07:31:20 +0000 OX-plugins-694650c86deb2 [     info]  Executing _runScript for oxText
Dec 20 07:31:20 +0000 OX-plugins-694650c86deb2 [     info]  Executing _checkDependenciesForInstallOrEnable for oxText
Dec 20 07:31:20 +0000 OX-plugins-694650c86deb2 [     info]  Executing _checkFiles for oxText
Dec 20 07:31:20 +0000 OX-plugins-694650c86deb2 [     info]  Executing _checkNavigationCheckers for oxText
Dec 20 07:31:20 +0000 OX-plugins-694650c86deb2 [     info]  Executing _checkMenus for oxText
Dec 20 07:31:20 +0000 OX-plugins-694650c86deb2 [     info]  Executing _registerSchema for oxText
Dec 20 07:31:20 +0000 OX-plugins-694650c86deb2 [     info]  Executing _registerPreferences for oxText
Dec 20 07:31:20 +0000 OX-plugins-694650c86deb2 [     info]  Executing _registerSettings for oxText
Dec 20 07:31:20 +0000 OX-plugins-694650c86deb2 [     info]  Executing disableComponentGroup for oxText
Dec 20 07:31:20 +0000 OX-plugins-694650c86deb2 [     info]  Executing _registerPluginVersion for oxText
Dec 20 07:31:20 +0000 OX-plugins-694650c86deb2 [     info]  Executing _runScript for oxText
Dec 20 07:31:23 +0000 OX-plugins-694650cb0164c [     info]  starting _checkPackageContents openXDeliveryLimitations.xml
Dec 20 07:31:23 +0000 OX-plugins-694650cb0164c [     info]  expecting definition openXDeliveryLimitations.xml
Dec 20 07:31:23 +0000 OX-plugins-694650cb0164c [     info]  detected group definition file /plugins/etc/Client/Client.xml
Dec 20 07:31:23 +0000 OX-plugins-694650cb0164c [     info]  detected group definition file /plugins/etc/Geo/Geo.xml
Dec 20 07:31:23 +0000 OX-plugins-694650cb0164c [     info]  detected group definition file /plugins/etc/Site/Site.xml
Dec 20 07:31:23 +0000 OX-plugins-694650cb0164c [     info]  detected plugin definition file /plugins/etc/openXDeliveryLimitations.xml
Dec 20 07:31:23 +0000 OX-plugins-694650cb0164c [     info]  detected group definition file /plugins/etc/Time/Time.xml
Dec 20 07:31:23 +0000 OX-plugins-694650cb0164c [     info]  Executing _checkOpenXCompatibility for Client
Dec 20 07:31:23 +0000 OX-plugins-694650cb0164c [     info]  Executing _checkSystemEnvironment for Client
Dec 20 07:31:23 +0000 OX-plugins-694650cb0164c [     info]  Executing _checkDatabaseEnvironment for Client
Dec 20 07:31:23 +0000 OX-plugins-694650cb0164c [     info]  Executing _runScript for Client
Dec 20 07:31:23 +0000 OX-plugins-694650cb0164c [     info]  Executing _checkDependenciesForInstallOrEnable for Client
Dec 20 07:31:23 +0000 OX-plugins-694650cb0164c [     info]  Executing _checkFiles for Client
Dec 20 07:31:23 +0000 OX-plugins-694650cb0164c [     info]  Executing _checkNavigationCheckers for Client
Dec 20 07:31:23 +0000 OX-plugins-694650cb0164c [     info]  Executing _checkMenus for Client
Dec 20 07:31:23 +0000 OX-plugins-694650cb0164c [     info]  Executing _registerSchema for Client
Dec 20 07:31:23 +0000 OX-plugins-694650cb0164c [     info]  Executing _registerPreferences for Client
Dec 20 07:31:23 +0000 OX-plugins-694650cb0164c [     info]  Executing _registerSettings for Client
Dec 20 07:31:23 +0000 OX-plugins-694650cb0164c [     info]  Executing disableComponentGroup for Client
Dec 20 07:31:23 +0000 OX-plugins-694650cb0164c [     info]  Executing _registerPluginVersion for Client
Dec 20 07:31:23 +0000 OX-plugins-694650cb0164c [     info]  Executing _runScript for Client
Dec 20 07:31:23 +0000 OX-plugins-694650cb0164c [     info]  Executing _checkOpenXCompatibility for Geo
Dec 20 07:31:23 +0000 OX-plugins-694650cb0164c [     info]  Executing _checkSystemEnvironment for Geo
Dec 20 07:31:23 +0000 OX-plugins-694650cb0164c [     info]  Executing _checkDatabaseEnvironment for Geo
Dec 20 07:31:23 +0000 OX-plugins-694650cb0164c [     info]  Executing _runScript for Geo
Dec 20 07:31:23 +0000 OX-plugins-694650cb0164c [     info]  Executing _checkDependenciesForInstallOrEnable for Geo
Dec 20 07:31:23 +0000 OX-plugins-694650cb0164c [     info]  Executing _checkFiles for Geo
Dec 20 07:31:23 +0000 OX-plugins-694650cb0164c [     info]  Executing _checkNavigationCheckers for Geo
Dec 20 07:31:23 +0000 OX-plugins-694650cb0164c [     info]  Executing _checkMenus for Geo
Dec 20 07:31:23 +0000 OX-plugins-694650cb0164c [     info]  Executing _registerSchema for Geo
Dec 20 07:31:23 +0000 OX-plugins-694650cb0164c [     info]  Executing _registerPreferences for Geo
Dec 20 07:31:23 +0000 OX-plugins-694650cb0164c [     info]  Executing _registerSettings for Geo
Dec 20 07:31:23 +0000 OX-plugins-694650cb0164c [     info]  Executing disableComponentGroup for Geo
Dec 20 07:31:23 +0000 OX-plugins-694650cb0164c [     info]  Executing _registerPluginVersion for Geo
Dec 20 07:31:23 +0000 OX-plugins-694650cb0164c [     info]  Executing _runScript for Geo
Dec 20 07:31:23 +0000 OX-plugins-694650cb0164c [     info]  Executing _checkOpenXCompatibility for Site
Dec 20 07:31:23 +0000 OX-plugins-694650cb0164c [     info]  Executing _checkSystemEnvironment for Site
Dec 20 07:31:23 +0000 OX-plugins-694650cb0164c [     info]  Executing _checkDatabaseEnvironment for Site
Dec 20 07:31:23 +0000 OX-plugins-694650cb0164c [     info]  Executing _runScript for Site
Dec 20 07:31:23 +0000 OX-plugins-694650cb0164c [     info]  Executing _checkDependenciesForInstallOrEnable for Site
Dec 20 07:31:23 +0000 OX-plugins-694650cb0164c [     info]  Executing _checkFiles for Site
Dec 20 07:31:23 +0000 OX-plugins-694650cb0164c [     info]  Executing _checkNavigationCheckers for Site
Dec 20 07:31:23 +0000 OX-plugins-694650cb0164c [     info]  Executing _checkMenus for Site
Dec 20 07:31:23 +0000 OX-plugins-694650cb0164c [     info]  Executing _registerSchema for Site
Dec 20 07:31:23 +0000 OX-plugins-694650cb0164c [     info]  Executing _registerPreferences for Site
Dec 20 07:31:23 +0000 OX-plugins-694650cb0164c [     info]  Executing _registerSettings for Site
Dec 20 07:31:23 +0000 OX-plugins-694650cb0164c [     info]  Executing disableComponentGroup for Site
Dec 20 07:31:23 +0000 OX-plugins-694650cb0164c [     info]  Executing _registerPluginVersion for Site
Dec 20 07:31:23 +0000 OX-plugins-694650cb0164c [     info]  Executing _runScript for Site
Dec 20 07:31:23 +0000 OX-plugins-694650cb0164c [     info]  Executing _checkOpenXCompatibility for Time
Dec 20 07:31:23 +0000 OX-plugins-694650cb0164c [     info]  Executing _checkSystemEnvironment for Time
Dec 20 07:31:23 +0000 OX-plugins-694650cb0164c [     info]  Executing _checkDatabaseEnvironment for Time
Dec 20 07:31:23 +0000 OX-plugins-694650cb0164c [     info]  Executing _runScript for Time
Dec 20 07:31:23 +0000 OX-plugins-694650cb0164c [     info]  Executing _checkDependenciesForInstallOrEnable for Time
Dec 20 07:31:23 +0000 OX-plugins-694650cb0164c [     info]  Executing _checkFiles for Time
Dec 20 07:31:23 +0000 OX-plugins-694650cb0164c [     info]  Executing _checkNavigationCheckers for Time
Dec 20 07:31:23 +0000 OX-plugins-694650cb0164c [     info]  Executing _checkMenus for Time
Dec 20 07:31:23 +0000 OX-plugins-694650cb0164c [     info]  Executing _registerSchema for Time
Dec 20 07:31:23 +0000 OX-plugins-694650cb0164c [     info]  Executing _registerPreferences for Time
Dec 20 07:31:23 +0000 OX-plugins-694650cb0164c [     info]  Executing _registerSettings for Time
Dec 20 07:31:23 +0000 OX-plugins-694650cb0164c [     info]  Executing disableComponentGroup for Time
Dec 20 07:31:23 +0000 OX-plugins-694650cb0164c [     info]  Executing _registerPluginVersion for Time
Dec 20 07:31:23 +0000 OX-plugins-694650cb0164c [     info]  Executing _runScript for Time
Dec 20 07:31:25 +0000 OX-plugins-694650cd8f8c6 [     info]  starting _checkPackageContents openXReports.xml
Dec 20 07:31:25 +0000 OX-plugins-694650cd8f8c6 [     info]  expecting definition openXReports.xml
Dec 20 07:31:25 +0000 OX-plugins-694650cd8f8c6 [     info]  detected group definition file /plugins/etc/oxReportsAdmin/oxReportsAdmin.xml
Dec 20 07:31:25 +0000 OX-plugins-694650cd8f8c6 [     info]  detected plugin definition file /plugins/etc/openXReports.xml
Dec 20 07:31:25 +0000 OX-plugins-694650cd8f8c6 [     info]  detected group definition file /plugins/etc/oxReportsStandard/oxReportsStandard.xml
Dec 20 07:31:25 +0000 OX-plugins-694650cd8f8c6 [     info]  Executing _checkOpenXCompatibility for oxReportsStandard
Dec 20 07:31:25 +0000 OX-plugins-694650cd8f8c6 [     info]  Executing _checkSystemEnvironment for oxReportsStandard
Dec 20 07:31:25 +0000 OX-plugins-694650cd8f8c6 [     info]  Executing _checkDatabaseEnvironment for oxReportsStandard
Dec 20 07:31:25 +0000 OX-plugins-694650cd8f8c6 [     info]  Executing _runScript for oxReportsStandard
Dec 20 07:31:25 +0000 OX-plugins-694650cd8f8c6 [     info]  Executing _checkDependenciesForInstallOrEnable for oxReportsStandard
Dec 20 07:31:25 +0000 OX-plugins-694650cd8f8c6 [     info]  Executing _checkFiles for oxReportsStandard
Dec 20 07:31:25 +0000 OX-plugins-694650cd8f8c6 [     info]  Executing _checkNavigationCheckers for oxReportsStandard
Dec 20 07:31:25 +0000 OX-plugins-694650cd8f8c6 [     info]  Executing _checkMenus for oxReportsStandard
Dec 20 07:31:25 +0000 OX-plugins-694650cd8f8c6 [     info]  Executing _registerSchema for oxReportsStandard
Dec 20 07:31:25 +0000 OX-plugins-694650cd8f8c6 [     info]  Executing _registerPreferences for oxReportsStandard
Dec 20 07:31:25 +0000 OX-plugins-694650cd8f8c6 [     info]  Executing _registerSettings for oxReportsStandard
Dec 20 07:31:25 +0000 OX-plugins-694650cd8f8c6 [     info]  Executing disableComponentGroup for oxReportsStandard
Dec 20 07:31:25 +0000 OX-plugins-694650cd8f8c6 [     info]  Executing _registerPluginVersion for oxReportsStandard
Dec 20 07:31:25 +0000 OX-plugins-694650cd8f8c6 [     info]  Executing _runScript for oxReportsStandard
Dec 20 07:31:25 +0000 OX-plugins-694650cd8f8c6 [     info]  Executing _checkOpenXCompatibility for oxReportsAdmin
Dec 20 07:31:25 +0000 OX-plugins-694650cd8f8c6 [     info]  Executing _checkSystemEnvironment for oxReportsAdmin
Dec 20 07:31:25 +0000 OX-plugins-694650cd8f8c6 [     info]  Executing _checkDatabaseEnvironment for oxReportsAdmin
Dec 20 07:31:25 +0000 OX-plugins-694650cd8f8c6 [     info]  Executing _runScript for oxReportsAdmin
Dec 20 07:31:25 +0000 OX-plugins-694650cd8f8c6 [     info]  Executing _checkDependenciesForInstallOrEnable for oxReportsAdmin
Dec 20 07:31:25 +0000 OX-plugins-694650cd8f8c6 [     info]  Executing _checkFiles for oxReportsAdmin
Dec 20 07:31:25 +0000 OX-plugins-694650cd8f8c6 [     info]  Executing _checkNavigationCheckers for oxReportsAdmin
Dec 20 07:31:25 +0000 OX-plugins-694650cd8f8c6 [     info]  Executing _checkMenus for oxReportsAdmin
Dec 20 07:31:25 +0000 OX-plugins-694650cd8f8c6 [     info]  Executing _registerSchema for oxReportsAdmin
Dec 20 07:31:25 +0000 OX-plugins-694650cd8f8c6 [     info]  Executing _registerPreferences for oxReportsAdmin
Dec 20 07:31:25 +0000 OX-plugins-694650cd8f8c6 [     info]  Executing _registerSettings for oxReportsAdmin
Dec 20 07:31:25 +0000 OX-plugins-694650cd8f8c6 [     info]  Executing disableComponentGroup for oxReportsAdmin
Dec 20 07:31:25 +0000 OX-plugins-694650cd8f8c6 [     info]  Executing _registerPluginVersion for oxReportsAdmin
Dec 20 07:31:25 +0000 OX-plugins-694650cd8f8c6 [     info]  Executing _runScript for oxReportsAdmin
Dec 20 07:31:28 +0000 OX-plugins-694650d022ef3 [     info]  starting _checkPackageContents openXDeliveryCacheStore.xml
Dec 20 07:31:28 +0000 OX-plugins-694650d022ef3 [     info]  expecting definition openXDeliveryCacheStore.xml
Dec 20 07:31:28 +0000 OX-plugins-694650d022ef3 [     info]  detected group definition file /plugins/etc/oxCacheFile/oxCacheFile.xml
Dec 20 07:31:28 +0000 OX-plugins-694650d022ef3 [     info]  detected plugin definition file /plugins/etc/openXDeliveryCacheStore.xml
Dec 20 07:31:28 +0000 OX-plugins-694650d022ef3 [     info]  detected group definition file /plugins/etc/oxMemcached/oxMemcached.xml
Dec 20 07:31:28 +0000 OX-plugins-694650d022ef3 [     info]  Executing _checkOpenXCompatibility for oxCacheFile
Dec 20 07:31:28 +0000 OX-plugins-694650d022ef3 [     info]  Executing _checkSystemEnvironment for oxCacheFile
Dec 20 07:31:28 +0000 OX-plugins-694650d022ef3 [     info]  Executing _checkDatabaseEnvironment for oxCacheFile
Dec 20 07:31:28 +0000 OX-plugins-694650d022ef3 [     info]  Executing _runScript for oxCacheFile
Dec 20 07:31:28 +0000 OX-plugins-694650d022ef3 [     info]  Executing _checkDependenciesForInstallOrEnable for oxCacheFile
Dec 20 07:31:28 +0000 OX-plugins-694650d022ef3 [     info]  Executing _checkFiles for oxCacheFile
Dec 20 07:31:28 +0000 OX-plugins-694650d022ef3 [     info]  Executing _checkNavigationCheckers for oxCacheFile
Dec 20 07:31:28 +0000 OX-plugins-694650d022ef3 [     info]  Executing _checkMenus for oxCacheFile
Dec 20 07:31:28 +0000 OX-plugins-694650d022ef3 [     info]  Executing _registerSchema for oxCacheFile
Dec 20 07:31:28 +0000 OX-plugins-694650d022ef3 [     info]  Executing _registerPreferences for oxCacheFile
Dec 20 07:31:28 +0000 OX-plugins-694650d022ef3 [     info]  Executing _registerSettings for oxCacheFile
Dec 20 07:31:28 +0000 OX-plugins-694650d022ef3 [     info]  Executing disableComponentGroup for oxCacheFile
Dec 20 07:31:28 +0000 OX-plugins-694650d022ef3 [     info]  Executing _registerPluginVersion for oxCacheFile
Dec 20 07:31:28 +0000 OX-plugins-694650d022ef3 [     info]  Executing _runScript for oxCacheFile
Dec 20 07:31:28 +0000 OX-plugins-694650d022ef3 [     info]  Executing _checkOpenXCompatibility for oxMemcached
Dec 20 07:31:28 +0000 OX-plugins-694650d022ef3 [     info]  Executing _checkSystemEnvironment for oxMemcached
Dec 20 07:31:28 +0000 OX-plugins-694650d022ef3 [     info]  Executing _checkDatabaseEnvironment for oxMemcached
Dec 20 07:31:28 +0000 OX-plugins-694650d022ef3 [     info]  Executing _runScript for oxMemcached
Dec 20 07:31:28 +0000 OX-plugins-694650d022ef3 [     info]  Executing _checkDependenciesForInstallOrEnable for oxMemcached
Dec 20 07:31:28 +0000 OX-plugins-694650d022ef3 [     info]  Executing _checkFiles for oxMemcached
Dec 20 07:31:28 +0000 OX-plugins-694650d022ef3 [     info]  Executing _checkNavigationCheckers for oxMemcached
Dec 20 07:31:28 +0000 OX-plugins-694650d022ef3 [     info]  Executing _checkMenus for oxMemcached
Dec 20 07:31:28 +0000 OX-plugins-694650d022ef3 [     info]  Executing _registerSchema for oxMemcached
Dec 20 07:31:28 +0000 OX-plugins-694650d022ef3 [     info]  Executing _registerPreferences for oxMemcached
Dec 20 07:31:28 +0000 OX-plugins-694650d022ef3 [     info]  Executing _registerSettings for oxMemcached
Dec 20 07:31:28 +0000 OX-plugins-694650d022ef3 [     info]  Executing disableComponentGroup for oxMemcached
Dec 20 07:31:28 +0000 OX-plugins-694650d022ef3 [     info]  Executing _registerPluginVersion for oxMemcached
Dec 20 07:31:28 +0000 OX-plugins-694650d022ef3 [     info]  Executing _runScript for oxMemcached
Dec 20 07:31:30 +0000 OX-plugins-694650d2a738b [     info]  starting _checkPackageContents openXInvocationTags.xml
Dec 20 07:31:30 +0000 OX-plugins-694650d2a738b [     info]  expecting definition openXInvocationTags.xml
Dec 20 07:31:30 +0000 OX-plugins-694650d2a738b [     info]  detected group definition file /plugins/etc/oxInvocationTags/oxInvocationTags.xml
Dec 20 07:31:30 +0000 OX-plugins-694650d2a738b [     info]  detected plugin definition file /plugins/etc/openXInvocationTags.xml
Dec 20 07:31:30 +0000 OX-plugins-694650d2a738b [     info]  Executing _checkOpenXCompatibility for oxInvocationTags
Dec 20 07:31:30 +0000 OX-plugins-694650d2a738b [     info]  Executing _checkSystemEnvironment for oxInvocationTags
Dec 20 07:31:30 +0000 OX-plugins-694650d2a738b [     info]  Executing _checkDatabaseEnvironment for oxInvocationTags
Dec 20 07:31:30 +0000 OX-plugins-694650d2a738b [     info]  Executing _runScript for oxInvocationTags
Dec 20 07:31:30 +0000 OX-plugins-694650d2a738b [     info]  Executing _checkDependenciesForInstallOrEnable for oxInvocationTags
Dec 20 07:31:30 +0000 OX-plugins-694650d2a738b [     info]  Executing _checkFiles for oxInvocationTags
Dec 20 07:31:30 +0000 OX-plugins-694650d2a738b [     info]  Executing _checkNavigationCheckers for oxInvocationTags
Dec 20 07:31:30 +0000 OX-plugins-694650d2a738b [     info]  Executing _checkMenus for oxInvocationTags
Dec 20 07:31:30 +0000 OX-plugins-694650d2a738b [     info]  Executing _registerSchema for oxInvocationTags
Dec 20 07:31:30 +0000 OX-plugins-694650d2a738b [     info]  Executing _registerPreferences for oxInvocationTags
Dec 20 07:31:30 +0000 OX-plugins-694650d2a738b [     info]  Executing _registerSettings for oxInvocationTags
Dec 20 07:31:30 +0000 OX-plugins-694650d2a738b [     info]  Executing disableComponentGroup for oxInvocationTags
Dec 20 07:31:30 +0000 OX-plugins-694650d2a738b [     info]  Executing _registerPluginVersion for oxInvocationTags
Dec 20 07:31:30 +0000 OX-plugins-694650d2a738b [     info]  Executing _runScript for oxInvocationTags
Dec 20 07:31:33 +0000 OX-plugins-694650d53a481 [     info]  starting _checkPackageContents openXDeliveryLog.xml
Dec 20 07:31:33 +0000 OX-plugins-694650d53a481 [     info]  expecting definition openXDeliveryLog.xml
Dec 20 07:31:33 +0000 OX-plugins-694650d53a481 [     info]  detected group definition file /plugins/etc/oxDeliveryDataPrepare/oxDeliveryDataPrepare.xml
Dec 20 07:31:33 +0000 OX-plugins-694650d53a481 [     info]  detected group definition file /plugins/etc/oxLogImpression/oxLogImpression.xml
Dec 20 07:31:33 +0000 OX-plugins-694650d53a481 [     info]  detected group definition file /plugins/etc/oxLogRequest/oxLogRequest.xml
Dec 20 07:31:33 +0000 OX-plugins-694650d53a481 [     info]  detected group definition file /plugins/etc/oxLogClick/oxLogClick.xml
Dec 20 07:31:33 +0000 OX-plugins-694650d53a481 [     info]  detected plugin definition file /plugins/etc/openXDeliveryLog.xml
Dec 20 07:31:33 +0000 OX-plugins-694650d53a481 [     info]  detected group definition file /plugins/etc/oxLogConversion/oxLogConversion.xml
Dec 20 07:31:33 +0000 OX-plugins-694650d53a481 [     info]  Executing _checkOpenXCompatibility for oxDeliveryDataPrepare
Dec 20 07:31:33 +0000 OX-plugins-694650d53a481 [     info]  Executing _checkSystemEnvironment for oxDeliveryDataPrepare
Dec 20 07:31:33 +0000 OX-plugins-694650d53a481 [     info]  Executing _checkDatabaseEnvironment for oxDeliveryDataPrepare
Dec 20 07:31:33 +0000 OX-plugins-694650d53a481 [     info]  Executing _runScript for oxDeliveryDataPrepare
Dec 20 07:31:33 +0000 OX-plugins-694650d53a481 [     info]  Executing _checkDependenciesForInstallOrEnable for oxDeliveryDataPrepare
Dec 20 07:31:33 +0000 OX-plugins-694650d53a481 [     info]  Executing _checkFiles for oxDeliveryDataPrepare
Dec 20 07:31:33 +0000 OX-plugins-694650d53a481 [     info]  Executing _checkNavigationCheckers for oxDeliveryDataPrepare
Dec 20 07:31:33 +0000 OX-plugins-694650d53a481 [     info]  Executing _checkMenus for oxDeliveryDataPrepare
Dec 20 07:31:33 +0000 OX-plugins-694650d53a481 [     info]  Executing _registerSchema for oxDeliveryDataPrepare
Dec 20 07:31:33 +0000 OX-plugins-694650d53a481 [     info]  Executing _registerPreferences for oxDeliveryDataPrepare
Dec 20 07:31:33 +0000 OX-plugins-694650d53a481 [     info]  Executing _registerSettings for oxDeliveryDataPrepare
Dec 20 07:31:33 +0000 OX-plugins-694650d53a481 [     info]  Executing disableComponentGroup for oxDeliveryDataPrepare
Dec 20 07:31:33 +0000 OX-plugins-694650d53a481 [     info]  Executing _registerPluginVersion for oxDeliveryDataPrepare
Dec 20 07:31:33 +0000 OX-plugins-694650d53a481 [     info]  Executing _runScript for oxDeliveryDataPrepare
Dec 20 07:31:33 +0000 OX-plugins-694650d53a481 [     info]  Executing _checkOpenXCompatibility for oxLogClick
Dec 20 07:31:33 +0000 OX-plugins-694650d53a481 [     info]  Executing _checkSystemEnvironment for oxLogClick
Dec 20 07:31:33 +0000 OX-plugins-694650d53a481 [     info]  Executing _checkDatabaseEnvironment for oxLogClick
Dec 20 07:31:33 +0000 OX-plugins-694650d53a481 [     info]  Executing _runScript for oxLogClick
Dec 20 07:31:33 +0000 OX-plugins-694650d53a481 [     info]  Executing _checkDependenciesForInstallOrEnable for oxLogClick
Dec 20 07:31:33 +0000 OX-plugins-694650d53a481 [     info]  Executing _checkFiles for oxLogClick
Dec 20 07:31:33 +0000 OX-plugins-694650d53a481 [     info]  Executing _checkNavigationCheckers for oxLogClick
Dec 20 07:31:33 +0000 OX-plugins-694650d53a481 [     info]  Executing _checkMenus for oxLogClick
Dec 20 07:31:33 +0000 OX-plugins-694650d53a481 [     info]  Executing _registerSchema for oxLogClick
Dec 20 07:31:33 +0000 OX-plugins-694650d53a481 [     info]  Executing _registerPreferences for oxLogClick
Dec 20 07:31:33 +0000 OX-plugins-694650d53a481 [     info]  Executing _registerSettings for oxLogClick
Dec 20 07:31:33 +0000 OX-plugins-694650d53a481 [     info]  Executing disableComponentGroup for oxLogClick
Dec 20 07:31:33 +0000 OX-plugins-694650d53a481 [     info]  Executing _registerPluginVersion for oxLogClick
Dec 20 07:31:33 +0000 OX-plugins-694650d53a481 [     info]  Executing _runScript for oxLogClick
Dec 20 07:31:33 +0000 OX-plugins-694650d53a481 [     info]  Executing _checkOpenXCompatibility for oxLogConversion
Dec 20 07:31:33 +0000 OX-plugins-694650d53a481 [     info]  Executing _checkSystemEnvironment for oxLogConversion
Dec 20 07:31:33 +0000 OX-plugins-694650d53a481 [     info]  Executing _checkDatabaseEnvironment for oxLogConversion
Dec 20 07:31:33 +0000 OX-plugins-694650d53a481 [     info]  Executing _runScript for oxLogConversion
Dec 20 07:31:33 +0000 OX-plugins-694650d53a481 [     info]  Executing _checkDependenciesForInstallOrEnable for oxLogConversion
Dec 20 07:31:33 +0000 OX-plugins-694650d53a481 [     info]  Executing _checkFiles for oxLogConversion
Dec 20 07:31:33 +0000 OX-plugins-694650d53a481 [     info]  Executing _checkNavigationCheckers for oxLogConversion
Dec 20 07:31:33 +0000 OX-plugins-694650d53a481 [     info]  Executing _checkMenus for oxLogConversion
Dec 20 07:31:33 +0000 OX-plugins-694650d53a481 [     info]  Executing _registerSchema for oxLogConversion
Dec 20 07:31:33 +0000 OX-plugins-694650d53a481 [     info]  Executing _registerPreferences for oxLogConversion
Dec 20 07:31:33 +0000 OX-plugins-694650d53a481 [     info]  Executing _registerSettings for oxLogConversion
Dec 20 07:31:33 +0000 OX-plugins-694650d53a481 [     info]  Executing disableComponentGroup for oxLogConversion
Dec 20 07:31:33 +0000 OX-plugins-694650d53a481 [     info]  Executing _registerPluginVersion for oxLogConversion
Dec 20 07:31:33 +0000 OX-plugins-694650d53a481 [     info]  Executing _runScript for oxLogConversion
Dec 20 07:31:33 +0000 OX-plugins-694650d53a481 [     info]  Executing _checkOpenXCompatibility for oxLogImpression
Dec 20 07:31:33 +0000 OX-plugins-694650d53a481 [     info]  Executing _checkSystemEnvironment for oxLogImpression
Dec 20 07:31:33 +0000 OX-plugins-694650d53a481 [     info]  Executing _checkDatabaseEnvironment for oxLogImpression
Dec 20 07:31:33 +0000 OX-plugins-694650d53a481 [     info]  Executing _runScript for oxLogImpression
Dec 20 07:31:33 +0000 OX-plugins-694650d53a481 [     info]  Executing _checkDependenciesForInstallOrEnable for oxLogImpression
Dec 20 07:31:33 +0000 OX-plugins-694650d53a481 [     info]  Executing _checkFiles for oxLogImpression
Dec 20 07:31:33 +0000 OX-plugins-694650d53a481 [     info]  Executing _checkNavigationCheckers for oxLogImpression
Dec 20 07:31:33 +0000 OX-plugins-694650d53a481 [     info]  Executing _checkMenus for oxLogImpression
Dec 20 07:31:33 +0000 OX-plugins-694650d53a481 [     info]  Executing _registerSchema for oxLogImpression
Dec 20 07:31:33 +0000 OX-plugins-694650d53a481 [     info]  Executing _registerPreferences for oxLogImpression
Dec 20 07:31:33 +0000 OX-plugins-694650d53a481 [     info]  Executing _registerSettings for oxLogImpression
Dec 20 07:31:33 +0000 OX-plugins-694650d53a481 [     info]  Executing disableComponentGroup for oxLogImpression
Dec 20 07:31:33 +0000 OX-plugins-694650d53a481 [     info]  Executing _registerPluginVersion for oxLogImpression
Dec 20 07:31:33 +0000 OX-plugins-694650d53a481 [     info]  Executing _runScript for oxLogImpression
Dec 20 07:31:33 +0000 OX-plugins-694650d53a481 [     info]  Executing _checkOpenXCompatibility for oxLogRequest
Dec 20 07:31:33 +0000 OX-plugins-694650d53a481 [     info]  Executing _checkSystemEnvironment for oxLogRequest
Dec 20 07:31:33 +0000 OX-plugins-694650d53a481 [     info]  Executing _checkDatabaseEnvironment for oxLogRequest
Dec 20 07:31:33 +0000 OX-plugins-694650d53a481 [     info]  Executing _runScript for oxLogRequest
Dec 20 07:31:33 +0000 OX-plugins-694650d53a481 [     info]  Executing _checkDependenciesForInstallOrEnable for oxLogRequest
Dec 20 07:31:33 +0000 OX-plugins-694650d53a481 [     info]  Executing _checkFiles for oxLogRequest
Dec 20 07:31:33 +0000 OX-plugins-694650d53a481 [     info]  Executing _checkNavigationCheckers for oxLogRequest
Dec 20 07:31:33 +0000 OX-plugins-694650d53a481 [     info]  Executing _checkMenus for oxLogRequest
Dec 20 07:31:33 +0000 OX-plugins-694650d53a481 [     info]  Executing _registerSchema for oxLogRequest
Dec 20 07:31:33 +0000 OX-plugins-694650d53a481 [     info]  Executing _registerPreferences for oxLogRequest
Dec 20 07:31:33 +0000 OX-plugins-694650d53a481 [     info]  Executing _registerSettings for oxLogRequest
Dec 20 07:31:33 +0000 OX-plugins-694650d53a481 [     info]  Executing disableComponentGroup for oxLogRequest
Dec 20 07:31:33 +0000 OX-plugins-694650d53a481 [     info]  Executing _registerPluginVersion for oxLogRequest
Dec 20 07:31:33 +0000 OX-plugins-694650d53a481 [     info]  Executing _runScript for oxLogRequest
Dec 20 07:31:35 +0000 OX-plugins-694650d7d500f [     info]  starting _checkPackageContents openXVideoAds.xml
Dec 20 07:31:35 +0000 OX-plugins-694650d7d500f [     info]  expecting definition openXVideoAds.xml
Dec 20 07:31:35 +0000 OX-plugins-694650d7d500f [     info]  detected plugin definition file /plugins/etc/openXVideoAds.xml
Dec 20 07:31:35 +0000 OX-plugins-694650d7d500f [     info]  detected group definition file /plugins/etc/vastServeVideoPlayer/vastServeVideoPlayer.xml
Dec 20 07:31:35 +0000 OX-plugins-694650d7d500f [     info]  detected group definition file /plugins/etc/vastInlineBannerTypeHtml/vastInlineBannerTypeHtml.xml
Dec 20 07:31:35 +0000 OX-plugins-694650d7d500f [     info]  detected group definition file /plugins/etc/videoReport/videoReport.xml
Dec 20 07:31:35 +0000 OX-plugins-694650d7d500f [     info]  detected group definition file /plugins/etc/vastOverlayBannerTypeHtml/vastOverlayBannerTypeHtml.xml
Dec 20 07:31:35 +0000 OX-plugins-694650d7d500f [     info]  detected group definition file /plugins/etc/oxLogVast/oxLogVast.xml
Dec 20 07:31:35 +0000 OX-plugins-694650d7d500f [     info]  Executing _checkOpenXCompatibility for vastInlineBannerTypeHtml
Dec 20 07:31:35 +0000 OX-plugins-694650d7d500f [     info]  Executing _checkSystemEnvironment for vastInlineBannerTypeHtml
Dec 20 07:31:35 +0000 OX-plugins-694650d7d500f [     info]  Executing _checkDatabaseEnvironment for vastInlineBannerTypeHtml
Dec 20 07:31:35 +0000 OX-plugins-694650d7d500f [     info]  Executing _runScript for vastInlineBannerTypeHtml
Dec 20 07:31:35 +0000 OX-plugins-694650d7d500f [     info]  Executing _checkDependenciesForInstallOrEnable for vastInlineBannerTypeHtml
Dec 20 07:31:35 +0000 OX-plugins-694650d7d500f [     info]  Executing _checkFiles for vastInlineBannerTypeHtml
Dec 20 07:31:35 +0000 OX-plugins-694650d7d500f [     info]  Executing _checkNavigationCheckers for vastInlineBannerTypeHtml
Dec 20 07:31:35 +0000 OX-plugins-694650d7d500f [     info]  Executing _checkMenus for vastInlineBannerTypeHtml
Dec 20 07:31:35 +0000 OX-plugins-694650d7d500f [     info]  Executing _registerSchema for vastInlineBannerTypeHtml
Dec 20 07:31:35 +0000 OX-plugins-694650d7d500f [     info]  Executing _registerPreferences for vastInlineBannerTypeHtml
Dec 20 07:31:35 +0000 OX-plugins-694650d7d500f [     info]  Executing _registerSettings for vastInlineBannerTypeHtml
Dec 20 07:31:35 +0000 OX-plugins-694650d7d500f [     info]  Executing disableComponentGroup for vastInlineBannerTypeHtml
Dec 20 07:31:35 +0000 OX-plugins-694650d7d500f [     info]  Executing _registerPluginVersion for vastInlineBannerTypeHtml
Dec 20 07:31:35 +0000 OX-plugins-694650d7d500f [     info]  Executing _runScript for vastInlineBannerTypeHtml
Dec 20 07:31:35 +0000 OX-plugins-694650d7d500f [     info]  Executing _checkOpenXCompatibility for vastOverlayBannerTypeHtml
Dec 20 07:31:35 +0000 OX-plugins-694650d7d500f [     info]  Executing _checkSystemEnvironment for vastOverlayBannerTypeHtml
Dec 20 07:31:35 +0000 OX-plugins-694650d7d500f [     info]  Executing _checkDatabaseEnvironment for vastOverlayBannerTypeHtml
Dec 20 07:31:35 +0000 OX-plugins-694650d7d500f [     info]  Executing _runScript for vastOverlayBannerTypeHtml
Dec 20 07:31:35 +0000 OX-plugins-694650d7d500f [     info]  Executing _checkDependenciesForInstallOrEnable for vastOverlayBannerTypeHtml
Dec 20 07:31:35 +0000 OX-plugins-694650d7d500f [     info]  Executing _checkFiles for vastOverlayBannerTypeHtml
Dec 20 07:31:35 +0000 OX-plugins-694650d7d500f [     info]  Executing _checkNavigationCheckers for vastOverlayBannerTypeHtml
Dec 20 07:31:35 +0000 OX-plugins-694650d7d500f [     info]  Executing _checkMenus for vastOverlayBannerTypeHtml
Dec 20 07:31:35 +0000 OX-plugins-694650d7d500f [     info]  Executing _registerSchema for vastOverlayBannerTypeHtml
Dec 20 07:31:35 +0000 OX-plugins-694650d7d500f [     info]  Executing _registerPreferences for vastOverlayBannerTypeHtml
Dec 20 07:31:35 +0000 OX-plugins-694650d7d500f [     info]  Executing _registerSettings for vastOverlayBannerTypeHtml
Dec 20 07:31:35 +0000 OX-plugins-694650d7d500f [     info]  Executing disableComponentGroup for vastOverlayBannerTypeHtml
Dec 20 07:31:35 +0000 OX-plugins-694650d7d500f [     info]  Executing _registerPluginVersion for vastOverlayBannerTypeHtml
Dec 20 07:31:35 +0000 OX-plugins-694650d7d500f [     info]  Executing _runScript for vastOverlayBannerTypeHtml
Dec 20 07:31:35 +0000 OX-plugins-694650d7d500f [     info]  Executing _checkOpenXCompatibility for oxLogVast
Dec 20 07:31:35 +0000 OX-plugins-694650d7d500f [     info]  Executing _checkSystemEnvironment for oxLogVast
Dec 20 07:31:35 +0000 OX-plugins-694650d7d500f [     info]  Executing _checkDatabaseEnvironment for oxLogVast
Dec 20 07:31:35 +0000 OX-plugins-694650d7d500f [     info]  Executing _runScript for oxLogVast
Dec 20 07:31:35 +0000 OX-plugins-694650d7d500f [     info]  Executing _checkDependenciesForInstallOrEnable for oxLogVast
Dec 20 07:31:35 +0000 OX-plugins-694650d7d500f [     info]  Executing _checkFiles for oxLogVast
Dec 20 07:31:35 +0000 OX-plugins-694650d7d500f [     info]  Executing _checkNavigationCheckers for oxLogVast
Dec 20 07:31:35 +0000 OX-plugins-694650d7d500f [     info]  Executing _checkMenus for oxLogVast
Dec 20 07:31:35 +0000 OX-plugins-694650d7d500f [     info]  Executing _registerSchema for oxLogVast
Dec 20 07:31:35 +0000 OX-plugins-694650d7d500f [     info]  Executing _registerPreferences for oxLogVast
Dec 20 07:31:35 +0000 OX-plugins-694650d7d500f [     info]  Executing _registerSettings for oxLogVast
Dec 20 07:31:35 +0000 OX-plugins-694650d7d500f [     info]  Executing disableComponentGroup for oxLogVast
Dec 20 07:31:35 +0000 OX-plugins-694650d7d500f [     info]  Executing _registerPluginVersion for oxLogVast
Dec 20 07:31:35 +0000 OX-plugins-694650d7d500f [     info]  Executing _runScript for oxLogVast
Dec 20 07:31:35 +0000 OX-plugins-694650d7d500f [     info]  Executing _checkOpenXCompatibility for vastServeVideoPlayer
Dec 20 07:31:35 +0000 OX-plugins-694650d7d500f [     info]  Executing _checkSystemEnvironment for vastServeVideoPlayer
Dec 20 07:31:35 +0000 OX-plugins-694650d7d500f [     info]  Executing _checkDatabaseEnvironment for vastServeVideoPlayer
Dec 20 07:31:35 +0000 OX-plugins-694650d7d500f [     info]  Executing _runScript for vastServeVideoPlayer
Dec 20 07:31:35 +0000 OX-plugins-694650d7d500f [     info]  Executing _checkDependenciesForInstallOrEnable for vastServeVideoPlayer
Dec 20 07:31:35 +0000 OX-plugins-694650d7d500f [     info]  Executing _checkFiles for vastServeVideoPlayer
Dec 20 07:31:35 +0000 OX-plugins-694650d7d500f [     info]  Executing _checkNavigationCheckers for vastServeVideoPlayer
Dec 20 07:31:35 +0000 OX-plugins-694650d7d500f [     info]  Executing _checkMenus for vastServeVideoPlayer
Dec 20 07:31:35 +0000 OX-plugins-694650d7d500f [     info]  Executing _registerSchema for vastServeVideoPlayer
Dec 20 07:31:35 +0000 OX-plugins-694650d7d500f [     info]  Executing _registerPreferences for vastServeVideoPlayer
Dec 20 07:31:35 +0000 OX-plugins-694650d7d500f [     info]  Executing _registerSettings for vastServeVideoPlayer
Dec 20 07:31:35 +0000 OX-plugins-694650d7d500f [     info]  Executing disableComponentGroup for vastServeVideoPlayer
Dec 20 07:31:35 +0000 OX-plugins-694650d7d500f [     info]  Executing _registerPluginVersion for vastServeVideoPlayer
Dec 20 07:31:35 +0000 OX-plugins-694650d7d500f [     info]  Executing _runScript for vastServeVideoPlayer
Dec 20 07:31:35 +0000 OX-plugins-694650d7d500f [     info]  Executing _checkOpenXCompatibility for videoReport
Dec 20 07:31:35 +0000 OX-plugins-694650d7d500f [     info]  Executing _checkSystemEnvironment for videoReport
Dec 20 07:31:35 +0000 OX-plugins-694650d7d500f [     info]  Executing _checkDatabaseEnvironment for videoReport
Dec 20 07:31:35 +0000 OX-plugins-694650d7d500f [     info]  Executing _runScript for videoReport
Dec 20 07:31:35 +0000 OX-plugins-694650d7d500f [     info]  Executing _checkDependenciesForInstallOrEnable for videoReport
Dec 20 07:31:35 +0000 OX-plugins-694650d7d500f [     info]  Executing _checkFiles for videoReport
Dec 20 07:31:35 +0000 OX-plugins-694650d7d500f [     info]  Executing _checkNavigationCheckers for videoReport
Dec 20 07:31:35 +0000 OX-plugins-694650d7d500f [     info]  Executing _checkMenus for videoReport
Dec 20 07:31:35 +0000 OX-plugins-694650d7d500f [     info]  Executing _registerSchema for videoReport
Dec 20 07:31:35 +0000 OX-plugins-694650d7d500f [     info]  Executing _registerPreferences for videoReport
Dec 20 07:31:35 +0000 OX-plugins-694650d7d500f [     info]  Executing _registerSettings for videoReport
Dec 20 07:31:35 +0000 OX-plugins-694650d7d500f [     info]  Executing disableComponentGroup for videoReport
Dec 20 07:31:35 +0000 OX-plugins-694650d7d500f [     info]  Executing _registerPluginVersion for videoReport
Dec 20 07:31:35 +0000 OX-plugins-694650d7d500f [     info]  Executing _runScript for videoReport
Dec 20 07:31:38 +0000 OX-plugins-694650da7e4bc [     info]  starting _checkPackageContents reviveMailer.xml
Dec 20 07:31:38 +0000 OX-plugins-694650da7e4bc [     info]  expecting definition reviveMailer.xml
Dec 20 07:31:38 +0000 OX-plugins-694650da7e4bc [     info]  detected group definition file /plugins/etc/rvMailerMandrill/rvMailerMandrill.xml
Dec 20 07:31:38 +0000 OX-plugins-694650da7e4bc [     info]  detected group definition file /plugins/etc/rvMailerSMTP/rvMailerSMTP.xml
Dec 20 07:31:38 +0000 OX-plugins-694650da7e4bc [     info]  detected plugin definition file /plugins/etc/reviveMailer.xml
Dec 20 07:31:38 +0000 OX-plugins-694650da7e4bc [     info]  detected group definition file /plugins/etc/rvMailerSendgrid/rvMailerSendgrid.xml
Dec 20 07:31:38 +0000 OX-plugins-694650da7e4bc [     info]  detected group definition file /plugins/etc/rvMailerMailgun/rvMailerMailgun.xml
Dec 20 07:31:38 +0000 OX-plugins-694650da7e4bc [     info]  detected group definition file /plugins/etc/rvMailerCustomDSN/rvMailerCustomDSN.xml
Dec 20 07:31:38 +0000 OX-plugins-694650da7e4bc [     info]  Executing _checkOpenXCompatibility for rvMailerCustomDSN
Dec 20 07:31:38 +0000 OX-plugins-694650da7e4bc [     info]  Executing _checkSystemEnvironment for rvMailerCustomDSN
Dec 20 07:31:38 +0000 OX-plugins-694650da7e4bc [     info]  Executing _checkDatabaseEnvironment for rvMailerCustomDSN
Dec 20 07:31:38 +0000 OX-plugins-694650da7e4bc [     info]  Executing _runScript for rvMailerCustomDSN
Dec 20 07:31:38 +0000 OX-plugins-694650da7e4bc [     info]  Executing _checkDependenciesForInstallOrEnable for rvMailerCustomDSN
Dec 20 07:31:38 +0000 OX-plugins-694650da7e4bc [     info]  Executing _checkFiles for rvMailerCustomDSN
Dec 20 07:31:38 +0000 OX-plugins-694650da7e4bc [     info]  Executing _checkNavigationCheckers for rvMailerCustomDSN
Dec 20 07:31:38 +0000 OX-plugins-694650da7e4bc [     info]  Executing _checkMenus for rvMailerCustomDSN
Dec 20 07:31:38 +0000 OX-plugins-694650da7e4bc [     info]  Executing _registerSchema for rvMailerCustomDSN
Dec 20 07:31:38 +0000 OX-plugins-694650da7e4bc [     info]  Executing _registerPreferences for rvMailerCustomDSN
Dec 20 07:31:38 +0000 OX-plugins-694650da7e4bc [     info]  Executing _registerSettings for rvMailerCustomDSN
Dec 20 07:31:38 +0000 OX-plugins-694650da7e4bc [     info]  Executing disableComponentGroup for rvMailerCustomDSN
Dec 20 07:31:38 +0000 OX-plugins-694650da7e4bc [     info]  Executing _registerPluginVersion for rvMailerCustomDSN
Dec 20 07:31:38 +0000 OX-plugins-694650da7e4bc [     info]  Executing _runScript for rvMailerCustomDSN
Dec 20 07:31:38 +0000 OX-plugins-694650da7e4bc [     info]  Executing _checkOpenXCompatibility for rvMailerSMTP
Dec 20 07:31:38 +0000 OX-plugins-694650da7e4bc [     info]  Executing _checkSystemEnvironment for rvMailerSMTP
Dec 20 07:31:38 +0000 OX-plugins-694650da7e4bc [     info]  Executing _checkDatabaseEnvironment for rvMailerSMTP
Dec 20 07:31:38 +0000 OX-plugins-694650da7e4bc [     info]  Executing _runScript for rvMailerSMTP
Dec 20 07:31:38 +0000 OX-plugins-694650da7e4bc [     info]  Executing _checkDependenciesForInstallOrEnable for rvMailerSMTP
Dec 20 07:31:38 +0000 OX-plugins-694650da7e4bc [     info]  Executing _checkFiles for rvMailerSMTP
Dec 20 07:31:38 +0000 OX-plugins-694650da7e4bc [     info]  Executing _checkNavigationCheckers for rvMailerSMTP
Dec 20 07:31:38 +0000 OX-plugins-694650da7e4bc [     info]  Executing _checkMenus for rvMailerSMTP
Dec 20 07:31:38 +0000 OX-plugins-694650da7e4bc [     info]  Executing _registerSchema for rvMailerSMTP
Dec 20 07:31:38 +0000 OX-plugins-694650da7e4bc [     info]  Executing _registerPreferences for rvMailerSMTP
Dec 20 07:31:38 +0000 OX-plugins-694650da7e4bc [     info]  Executing _registerSettings for rvMailerSMTP
Dec 20 07:31:38 +0000 OX-plugins-694650da7e4bc [     info]  Executing disableComponentGroup for rvMailerSMTP
Dec 20 07:31:38 +0000 OX-plugins-694650da7e4bc [     info]  Executing _registerPluginVersion for rvMailerSMTP
Dec 20 07:31:38 +0000 OX-plugins-694650da7e4bc [     info]  Executing _runScript for rvMailerSMTP
Dec 20 07:31:38 +0000 OX-plugins-694650da7e4bc [     info]  Executing _checkOpenXCompatibility for rvMailerMailgun
Dec 20 07:31:38 +0000 OX-plugins-694650da7e4bc [     info]  Executing _checkSystemEnvironment for rvMailerMailgun
Dec 20 07:31:38 +0000 OX-plugins-694650da7e4bc [     info]  Executing _checkDatabaseEnvironment for rvMailerMailgun
Dec 20 07:31:38 +0000 OX-plugins-694650da7e4bc [     info]  Executing _runScript for rvMailerMailgun
Dec 20 07:31:38 +0000 OX-plugins-694650da7e4bc [     info]  Executing _checkDependenciesForInstallOrEnable for rvMailerMailgun
Dec 20 07:31:38 +0000 OX-plugins-694650da7e4bc [     info]  Executing _checkFiles for rvMailerMailgun
Dec 20 07:31:38 +0000 OX-plugins-694650da7e4bc [     info]  Executing _checkNavigationCheckers for rvMailerMailgun
Dec 20 07:31:38 +0000 OX-plugins-694650da7e4bc [     info]  Executing _checkMenus for rvMailerMailgun
Dec 20 07:31:38 +0000 OX-plugins-694650da7e4bc [     info]  Executing _registerSchema for rvMailerMailgun
Dec 20 07:31:38 +0000 OX-plugins-694650da7e4bc [     info]  Executing _registerPreferences for rvMailerMailgun
Dec 20 07:31:38 +0000 OX-plugins-694650da7e4bc [     info]  Executing _registerSettings for rvMailerMailgun
Dec 20 07:31:38 +0000 OX-plugins-694650da7e4bc [     info]  Executing disableComponentGroup for rvMailerMailgun
Dec 20 07:31:38 +0000 OX-plugins-694650da7e4bc [     info]  Executing _registerPluginVersion for rvMailerMailgun
Dec 20 07:31:38 +0000 OX-plugins-694650da7e4bc [     info]  Executing _runScript for rvMailerMailgun
Dec 20 07:31:38 +0000 OX-plugins-694650da7e4bc [     info]  Executing _checkOpenXCompatibility for rvMailerMandrill
Dec 20 07:31:38 +0000 OX-plugins-694650da7e4bc [     info]  Executing _checkSystemEnvironment for rvMailerMandrill
Dec 20 07:31:38 +0000 OX-plugins-694650da7e4bc [     info]  Executing _checkDatabaseEnvironment for rvMailerMandrill
Dec 20 07:31:38 +0000 OX-plugins-694650da7e4bc [     info]  Executing _runScript for rvMailerMandrill
Dec 20 07:31:38 +0000 OX-plugins-694650da7e4bc [     info]  Executing _checkDependenciesForInstallOrEnable for rvMailerMandrill
Dec 20 07:31:38 +0000 OX-plugins-694650da7e4bc [     info]  Executing _checkFiles for rvMailerMandrill
Dec 20 07:31:38 +0000 OX-plugins-694650da7e4bc [     info]  Executing _checkNavigationCheckers for rvMailerMandrill
Dec 20 07:31:38 +0000 OX-plugins-694650da7e4bc [     info]  Executing _checkMenus for rvMailerMandrill
Dec 20 07:31:38 +0000 OX-plugins-694650da7e4bc [     info]  Executing _registerSchema for rvMailerMandrill
Dec 20 07:31:38 +0000 OX-plugins-694650da7e4bc [     info]  Executing _registerPreferences for rvMailerMandrill
Dec 20 07:31:38 +0000 OX-plugins-694650da7e4bc [     info]  Executing _registerSettings for rvMailerMandrill
Dec 20 07:31:38 +0000 OX-plugins-694650da7e4bc [     info]  Executing disableComponentGroup for rvMailerMandrill
Dec 20 07:31:38 +0000 OX-plugins-694650da7e4bc [     info]  Executing _registerPluginVersion for rvMailerMandrill
Dec 20 07:31:38 +0000 OX-plugins-694650da7e4bc [     info]  Executing _runScript for rvMailerMandrill
Dec 20 07:31:38 +0000 OX-plugins-694650da7e4bc [     info]  Executing _checkOpenXCompatibility for rvMailerSendgrid
Dec 20 07:31:38 +0000 OX-plugins-694650da7e4bc [     info]  Executing _checkSystemEnvironment for rvMailerSendgrid
Dec 20 07:31:38 +0000 OX-plugins-694650da7e4bc [     info]  Executing _checkDatabaseEnvironment for rvMailerSendgrid
Dec 20 07:31:38 +0000 OX-plugins-694650da7e4bc [     info]  Executing _runScript for rvMailerSendgrid
Dec 20 07:31:38 +0000 OX-plugins-694650da7e4bc [     info]  Executing _checkDependenciesForInstallOrEnable for rvMailerSendgrid
Dec 20 07:31:38 +0000 OX-plugins-694650da7e4bc [     info]  Executing _checkFiles for rvMailerSendgrid
Dec 20 07:31:38 +0000 OX-plugins-694650da7e4bc [     info]  Executing _checkNavigationCheckers for rvMailerSendgrid
Dec 20 07:31:38 +0000 OX-plugins-694650da7e4bc [     info]  Executing _checkMenus for rvMailerSendgrid
Dec 20 07:31:38 +0000 OX-plugins-694650da7e4bc [     info]  Executing _registerSchema for rvMailerSendgrid
Dec 20 07:31:38 +0000 OX-plugins-694650da7e4bc [     info]  Executing _registerPreferences for rvMailerSendgrid
Dec 20 07:31:38 +0000 OX-plugins-694650da7e4bc [     info]  Executing _registerSettings for rvMailerSendgrid
Dec 20 07:31:38 +0000 OX-plugins-694650da7e4bc [     info]  Executing disableComponentGroup for rvMailerSendgrid
Dec 20 07:31:38 +0000 OX-plugins-694650da7e4bc [     info]  Executing _registerPluginVersion for rvMailerSendgrid
Dec 20 07:31:38 +0000 OX-plugins-694650da7e4bc [     info]  Executing _runScript for rvMailerSendgrid
Dec 20 07:31:41 +0000 OX-plugins-694650dd18106 [     info]  starting _checkPackageContents reviveMaxMindGeoIP2.xml
Dec 20 07:31:41 +0000 OX-plugins-694650dd18106 [     info]  expecting definition reviveMaxMindGeoIP2.xml
Dec 20 07:31:41 +0000 OX-plugins-694650dd18106 [     info]  detected group definition file /plugins/etc/rvMaxMindGeoIP2Maintenance/rvMaxMindGeoIP2Maintenance.xml
Dec 20 07:31:41 +0000 OX-plugins-694650dd18106 [     info]  detected plugin definition file /plugins/etc/reviveMaxMindGeoIP2.xml
Dec 20 07:31:41 +0000 OX-plugins-694650dd18106 [     info]  detected group definition file /plugins/etc/rvMaxMindGeoIP2/rvMaxMindGeoIP2.xml
Dec 20 07:31:41 +0000 OX-plugins-694650dd18106 [     info]  Executing _checkOpenXCompatibility for rvMaxMindGeoIP2
Dec 20 07:31:41 +0000 OX-plugins-694650dd18106 [     info]  Executing _checkSystemEnvironment for rvMaxMindGeoIP2
Dec 20 07:31:41 +0000 OX-plugins-694650dd18106 [     info]  Executing _checkDatabaseEnvironment for rvMaxMindGeoIP2
Dec 20 07:31:41 +0000 OX-plugins-694650dd18106 [     info]  Executing _runScript for rvMaxMindGeoIP2
Dec 20 07:31:41 +0000 OX-plugins-694650dd18106 [     info]  Executing _checkDependenciesForInstallOrEnable for rvMaxMindGeoIP2
Dec 20 07:31:41 +0000 OX-plugins-694650dd18106 [     info]  Executing _checkFiles for rvMaxMindGeoIP2
Dec 20 07:31:41 +0000 OX-plugins-694650dd18106 [     info]  Executing _checkNavigationCheckers for rvMaxMindGeoIP2
Dec 20 07:31:41 +0000 OX-plugins-694650dd18106 [     info]  Executing _checkMenus for rvMaxMindGeoIP2
Dec 20 07:31:41 +0000 OX-plugins-694650dd18106 [     info]  Executing _registerSchema for rvMaxMindGeoIP2
Dec 20 07:31:41 +0000 OX-plugins-694650dd18106 [     info]  Executing _registerPreferences for rvMaxMindGeoIP2
Dec 20 07:31:41 +0000 OX-plugins-694650dd18106 [     info]  Executing _registerSettings for rvMaxMindGeoIP2
Dec 20 07:31:41 +0000 OX-plugins-694650dd18106 [     info]  Executing disableComponentGroup for rvMaxMindGeoIP2
Dec 20 07:31:41 +0000 OX-plugins-694650dd18106 [     info]  Executing _registerPluginVersion for rvMaxMindGeoIP2
Dec 20 07:31:41 +0000 OX-plugins-694650dd18106 [     info]  Executing _runScript for rvMaxMindGeoIP2
Dec 20 07:31:41 +0000 OX-plugins-694650dd18106 [     info]  Executing _checkOpenXCompatibility for rvMaxMindGeoIP2Maintenance
Dec 20 07:31:41 +0000 OX-plugins-694650dd18106 [     info]  Executing _checkSystemEnvironment for rvMaxMindGeoIP2Maintenance
Dec 20 07:31:41 +0000 OX-plugins-694650dd18106 [     info]  Executing _checkDatabaseEnvironment for rvMaxMindGeoIP2Maintenance
Dec 20 07:31:41 +0000 OX-plugins-694650dd18106 [     info]  Executing _runScript for rvMaxMindGeoIP2Maintenance
Dec 20 07:31:41 +0000 OX-plugins-694650dd18106 [     info]  Executing _checkDependenciesForInstallOrEnable for rvMaxMindGeoIP2Maintenance
Dec 20 07:31:41 +0000 OX-plugins-694650dd18106 [     info]  Executing _checkFiles for rvMaxMindGeoIP2Maintenance
Dec 20 07:31:41 +0000 OX-plugins-694650dd18106 [     info]  Executing _checkNavigationCheckers for rvMaxMindGeoIP2Maintenance
Dec 20 07:31:41 +0000 OX-plugins-694650dd18106 [     info]  Executing _checkMenus for rvMaxMindGeoIP2Maintenance
Dec 20 07:31:41 +0000 OX-plugins-694650dd18106 [     info]  Executing _registerSchema for rvMaxMindGeoIP2Maintenance
Dec 20 07:31:41 +0000 OX-plugins-694650dd18106 [     info]  Executing _registerPreferences for rvMaxMindGeoIP2Maintenance
Dec 20 07:31:41 +0000 OX-plugins-694650dd18106 [     info]  Executing _registerSettings for rvMaxMindGeoIP2Maintenance
Dec 20 07:31:41 +0000 OX-plugins-694650dd18106 [     info]  Executing disableComponentGroup for rvMaxMindGeoIP2Maintenance
Dec 20 07:31:41 +0000 OX-plugins-694650dd18106 [     info]  Executing _registerPluginVersion for rvMaxMindGeoIP2Maintenance
Dec 20 07:31:41 +0000 OX-plugins-694650dd18106 [     info]  Executing _runScript for rvMaxMindGeoIP2Maintenance
Dec 20 07:31:41 +0000 OX-plugins-694650dd18106 [  warning]  An error occurred trying to download the latest GeoIP2 database: Client error: `GET https://download.maxmind.com/geoip/databases/GeoLite2-City/download?suffix=tar.gz.md5` resulted in a `401 Unauthorized` response:
An account ID and license key are required to use this service.


Dec 20 07:31:44 +0000 OX-plugins-694650e0044d1 [     info]  starting _checkPackageContents apVideo.xml
Dec 20 07:31:44 +0000 OX-plugins-694650e0044d1 [     info]  expecting definition apVideo.xml
Dec 20 07:31:44 +0000 OX-plugins-694650e0044d1 [     info]  detected group definition file /plugins/etc/apVideo/apVideo.xml
Dec 20 07:31:44 +0000 OX-plugins-694650e0044d1 [     info]  detected group definition file /plugins/etc/apVideoUI/apVideoUI.xml
Dec 20 07:31:44 +0000 OX-plugins-694650e0044d1 [     info]  detected plugin definition file /plugins/etc/apVideo.xml
Dec 20 07:31:44 +0000 OX-plugins-694650e0044d1 [     info]  Executing _checkOpenXCompatibility for apVideo
Dec 20 07:31:44 +0000 OX-plugins-694650e0044d1 [     info]  Executing _checkSystemEnvironment for apVideo
Dec 20 07:31:44 +0000 OX-plugins-694650e0044d1 [     info]  Executing _checkDatabaseEnvironment for apVideo
Dec 20 07:31:44 +0000 OX-plugins-694650e0044d1 [     info]  Executing _runScript for apVideo
Dec 20 07:31:44 +0000 OX-plugins-694650e0044d1 [     info]  Executing _checkDependenciesForInstallOrEnable for apVideo
Dec 20 07:31:44 +0000 OX-plugins-694650e0044d1 [     info]  Executing _checkFiles for apVideo
Dec 20 07:31:44 +0000 OX-plugins-694650e0044d1 [     info]  Executing _checkNavigationCheckers for apVideo
Dec 20 07:31:44 +0000 OX-plugins-694650e0044d1 [     info]  Executing _checkMenus for apVideo
Dec 20 07:31:44 +0000 OX-plugins-694650e0044d1 [     info]  Executing _registerSchema for apVideo
Dec 20 07:31:44 +0000 OX-plugins-694650e0044d1 [     info]  Executing _registerPreferences for apVideo
Dec 20 07:31:44 +0000 OX-plugins-694650e0044d1 [     info]  Executing _registerSettings for apVideo
Dec 20 07:31:44 +0000 OX-plugins-694650e0044d1 [     info]  Executing disableComponentGroup for apVideo
Dec 20 07:31:44 +0000 OX-plugins-694650e0044d1 [     info]  Executing _registerPluginVersion for apVideo
Dec 20 07:31:44 +0000 OX-plugins-694650e0044d1 [     info]  Executing _runScript for apVideo
Dec 20 07:31:44 +0000 OX-plugins-694650e0044d1 [     info]  Executing _checkOpenXCompatibility for apVideoUI
Dec 20 07:31:44 +0000 OX-plugins-694650e0044d1 [     info]  Executing _checkSystemEnvironment for apVideoUI
Dec 20 07:31:44 +0000 OX-plugins-694650e0044d1 [     info]  Executing _checkDatabaseEnvironment for apVideoUI
Dec 20 07:31:44 +0000 OX-plugins-694650e0044d1 [     info]  Executing _runScript for apVideoUI
Dec 20 07:31:44 +0000 OX-plugins-694650e0044d1 [     info]  Executing _checkDependenciesForInstallOrEnable for apVideoUI
Dec 20 07:31:44 +0000 OX-plugins-694650e0044d1 [     info]  Executing _checkFiles for apVideoUI
Dec 20 07:31:44 +0000 OX-plugins-694650e0044d1 [     info]  Executing _checkNavigationCheckers for apVideoUI
Dec 20 07:31:44 +0000 OX-plugins-694650e0044d1 [     info]  Executing _checkMenus for apVideoUI
Dec 20 07:31:44 +0000 OX-plugins-694650e0044d1 [     info]  Executing _registerSchema for apVideoUI
Dec 20 07:31:44 +0000 OX-plugins-694650e0044d1 [     info]  Executing _registerPreferences for apVideoUI
Dec 20 07:31:44 +0000 OX-plugins-694650e0044d1 [     info]  Executing _registerSettings for apVideoUI
Dec 20 07:31:44 +0000 OX-plugins-694650e0044d1 [     info]  Executing disableComponentGroup for apVideoUI
Dec 20 07:31:44 +0000 OX-plugins-694650e0044d1 [     info]  Executing _registerPluginVersion for apVideoUI
Dec 20 07:31:44 +0000 OX-plugins-694650e0044d1 [     info]  Executing _runScript for apVideoUI
