Installation started 2025-12-20 07:30:51
Attempting to connect to database lk_db with user root
Database created lk_db
Connected to database lk_db
Database settings and permissions are OK
creating upgrade_action audit table
successfully created upgrade_action audit table
creating database_action audit table
successfully created database_action audit table
schema definition from cache TRUE
Installation created the core tables
Installation updated the schema version to 628
Installation updated the application version to 6.0.4
Preparing to set timezone preference...
Found timezone preference ID of 16
Found the admin account's timezone association, updating preference...
Updated the admin account timezone preference to: 'UTC'
Starting file-check for plugins...
Finished file-check for plugins
Starting file-check for plugins...
Finished file-check for plugins
Starting file-check for plugins...
Finished file-check for plugins
